=== RUN   TestE2E_COM_INIT_DB
2026/02/02 06:45:46 已注册数据源: default
[SERVER] 2026/02/02 06:45:46 Registered handler: COM_PING (0x0e)
[SERVER] 2026/02/02 06:45:46 Registered handler: COM_QUIT (0x01)
[SERVER] 2026/02/02 06:45:46 Registered handler: COM_SET_OPTION (0x1b)
[SERVER] 2026/02/02 06:45:46 Registered handler: COM_REFRESH (0x07)
[SERVER] 2026/02/02 06:45:46 Registered handler: COM_STATISTICS (0x09)
[SERVER] 2026/02/02 06:45:46 Registered handler: COM_DEBUG (0x0d)
[SERVER] 2026/02/02 06:45:46 Registered handler: COM_SHUTDOWN (0x08)
[SERVER] 2026/02/02 06:45:46 Registered handler: COM_QUERY (0x03)
[SERVER] 2026/02/02 06:45:46 Registered handler: COM_INIT_DB (0x02)
[SERVER] 2026/02/02 06:45:46 Registered handler: COM_FIELD_LIST (0x04)
[SERVER] 2026/02/02 06:45:46 Registered handler: COM_PROCESS_KILL (0x0c)
[SERVER] 2026/02/02 06:45:46 已注册 11 个命令处理器
[SERVER] 2026/02/02 06:45:46 开始获取或创建会话: remoteAddr=127.0.0.1:63083, addr=127.0.0.1, port=63083
2026/02/02 06:45:46 GetThreadId: found available ThreadID=1
[SERVER] 2026/02/02 06:45:46 调试: sess 指针 = 0xc000093900, &sess.ID = 0xc000093910, &sess.ThreadID = 0xc000093920
[SERVER] 2026/02/02 06:45:46 新连接来自: 127.0.0.1:63083, SessionID: f1c84ec023dab612306c4e0960a30a91, ThreadID: 1
  [DEBUG] DefaultRuleSet: 创建规则集, 数量: 8
  [DEBUG]   规则0: PredicatePushDown
  [DEBUG]   规则1: ColumnPruning
  [DEBUG]   规则2: ProjectionElimination
  [DEBUG]   规则3: LimitPushDown
  [DEBUG]   规则4: ConstantFolding
  [DEBUG]   规则5: JoinReorder
  [DEBUG]   规则6: JoinElimination
  [DEBUG]   规则7: SemiJoinRewrite
[SERVER] 2026/02/02 06:45:46 已为连接创建 API Session, ThreadID=1
[mysql] 2026/02/02 06:45:46 auth.go:341 unknown auth plugin:password
[mysql] 2026/02/02 06:45:46 could not use requested auth plugin 'password': this authentication plugin is not supported
[SERVER] 2026/02/02 06:45:46 收到握手响应: User=root, Database=
[SERVER] 2026/02/02 06:45:46 收到命令: 0x0e
[SERVER] 2026/02/02 06:45:46 处理 COM_PING
[SERVER] 2026/02/02 06:45:46 [DEBUG] ResetSequenceID called, new SequenceID = 0
[SERVER] 2026/02/02 06:45:46 [DEBUG] About to call SendOK()
[SERVER] 2026/02/02 06:45:46 [DEBUG] SendOK() calling GetNextSequenceID...
[SERVER] 2026/02/02 06:45:46 [DEBUG] GetNextSequenceID returned: 1
[SERVER] 2026/02/02 06:45:46 [DEBUG] SendOK() got seqID = 1, now calling SendOKWithSequenceID
[SERVER] 2026/02/02 06:45:46 收到命令: 0x03
[SERVER] 2026/02/02 06:45:46 [DEBUG] ResetSequenceID called, new SequenceID = 0
[SERVER] 2026/02/02 06:45:46 处理 COM_QUERY: USE test_db
[SERVER] 2026/02/02 06:45:46 查询失败: [SYNTAX_ERROR] failed to execute query: unknown database 'test_db'
[SERVER] 2026/02/02 06:45:46 [ERROR] Sending error: [SYNTAX_ERROR] failed to execute query: unknown database 'test_db'
[SERVER] 2026/02/02 06:45:46 [DEBUG] GetNextSequenceID returned: 1
[SERVER] 2026/02/02 06:45:46 收到命令: 0x01
[SERVER] 2026/02/02 06:45:46 处理 COM_QUIT: 不发送响应
    end_to_end_test.go:62: 
        	Error Trace:	d:/code/db/server/tests/end_to_end_test.go:62
        	Error:      	Received unexpected error:
        	            	USE failed: Error 1064 (42000): [SYNTAX_ERROR] failed to execute query: unknown database 'test_db' 
        	Test:       	TestE2E_COM_INIT_DB
[INFO] DB closed
--- FAIL: TestE2E_COM_INIT_DB (0.12s)
=== RUN   TestE2E_SelectDatabase
2026/02/02 06:45:46 已注册数据源: default
[SERVER] 2026/02/02 06:45:46 Registered handler: COM_PING (0x0e)
[SERVER] 2026/02/02 06:45:46 Registered handler: COM_QUIT (0x01)
[SERVER] 2026/02/02 06:45:46 Registered handler: COM_SET_OPTION (0x1b)
[SERVER] 2026/02/02 06:45:46 Registered handler: COM_REFRESH (0x07)
[SERVER] 2026/02/02 06:45:46 Registered handler: COM_STATISTICS (0x09)
[SERVER] 2026/02/02 06:45:46 Registered handler: COM_DEBUG (0x0d)
[SERVER] 2026/02/02 06:45:46 Registered handler: COM_SHUTDOWN (0x08)
[SERVER] 2026/02/02 06:45:46 Registered handler: COM_QUERY (0x03)
[SERVER] 2026/02/02 06:45:46 Registered handler: COM_INIT_DB (0x02)
[SERVER] 2026/02/02 06:45:46 Registered handler: COM_FIELD_LIST (0x04)
[SERVER] 2026/02/02 06:45:46 Registered handler: COM_PROCESS_KILL (0x0c)
[SERVER] 2026/02/02 06:45:46 已注册 11 个命令处理器
[SERVER] 2026/02/02 06:45:46 开始获取或创建会话: remoteAddr=127.0.0.1:63084, addr=127.0.0.1, port=63084
2026/02/02 06:45:46 GetThreadId: found available ThreadID=1
[SERVER] 2026/02/02 06:45:46 调试: sess 指针 = 0xc00033e000, &sess.ID = 0xc00033e010, &sess.ThreadID = 0xc00033e020
[SERVER] 2026/02/02 06:45:46 新连接来自: 127.0.0.1:63084, SessionID: c465f6dab6eaa00ea2a558c3d1b6e7d1, ThreadID: 1
  [DEBUG] DefaultRuleSet: 创建规则集, 数量: 8
  [DEBUG]   规则0: PredicatePushDown
  [DEBUG]   规则1: ColumnPruning
  [DEBUG]   规则2: ProjectionElimination
  [DEBUG]   规则3: LimitPushDown
  [DEBUG]   规则4: ConstantFolding
  [DEBUG]   规则5: JoinReorder
  [DEBUG]   规则6: JoinElimination
  [DEBUG]   规则7: SemiJoinRewrite
[SERVER] 2026/02/02 06:45:46 已为连接创建 API Session, ThreadID=1
[mysql] 2026/02/02 06:45:46 auth.go:341 unknown auth plugin:password
[mysql] 2026/02/02 06:45:46 could not use requested auth plugin 'password': this authentication plugin is not supported
[SERVER] 2026/02/02 06:45:46 收到握手响应: User=root, Database=
[SERVER] 2026/02/02 06:45:46 收到命令: 0x0e
[SERVER] 2026/02/02 06:45:46 处理 COM_PING
[SERVER] 2026/02/02 06:45:46 [DEBUG] ResetSequenceID called, new SequenceID = 0
[SERVER] 2026/02/02 06:45:46 [DEBUG] About to call SendOK()
[SERVER] 2026/02/02 06:45:46 [DEBUG] SendOK() calling GetNextSequenceID...
[SERVER] 2026/02/02 06:45:46 [DEBUG] GetNextSequenceID returned: 1
[SERVER] 2026/02/02 06:45:46 [DEBUG] SendOK() got seqID = 1, now calling SendOKWithSequenceID
[SERVER] 2026/02/02 06:45:46 收到命令: 0x03
[SERVER] 2026/02/02 06:45:46 [DEBUG] ResetSequenceID called, new SequenceID = 0
[SERVER] 2026/02/02 06:45:46 处理 COM_QUERY: SELECT DATABASE()
[SERVER] 2026/02/02 06:45:46 [ERROR] Sending error: unsupported simple select
[SERVER] 2026/02/02 06:45:46 [DEBUG] GetNextSequenceID returned: 1
[SERVER] 2026/02/02 06:45:46 收到命令: 0x01
[SERVER] 2026/02/02 06:45:46 处理 COM_QUIT: 不发送响应
    end_to_end_test.go:122: 
        	Error Trace:	d:/code/db/server/tests/end_to_end_test.go:122
        	Error:      	Received unexpected error:
        	            	SELECT DATABASE() failed: Error 1064 (42000): unsupported simple select 
        	Test:       	TestE2E_SelectDatabase
[INFO] DB closed
--- FAIL: TestE2E_SelectDatabase (0.10s)
=== RUN   TestE2E_InformationSchemaQuery
2026/02/02 06:45:46 已注册数据源: default
[SERVER] 2026/02/02 06:45:46 Registered handler: COM_PING (0x0e)
[SERVER] 2026/02/02 06:45:46 Registered handler: COM_QUIT (0x01)
[SERVER] 2026/02/02 06:45:46 Registered handler: COM_SET_OPTION (0x1b)
[SERVER] 2026/02/02 06:45:46 Registered handler: COM_REFRESH (0x07)
[SERVER] 2026/02/02 06:45:46 Registered handler: COM_STATISTICS (0x09)
[SERVER] 2026/02/02 06:45:46 Registered handler: COM_DEBUG (0x0d)
[SERVER] 2026/02/02 06:45:46 Registered handler: COM_SHUTDOWN (0x08)
[SERVER] 2026/02/02 06:45:46 Registered handler: COM_QUERY (0x03)
[SERVER] 2026/02/02 06:45:46 Registered handler: COM_INIT_DB (0x02)
[SERVER] 2026/02/02 06:45:46 Registered handler: COM_FIELD_LIST (0x04)
[SERVER] 2026/02/02 06:45:46 Registered handler: COM_PROCESS_KILL (0x0c)
[SERVER] 2026/02/02 06:45:46 已注册 11 个命令处理器
[SERVER] 2026/02/02 06:45:46 开始获取或创建会话: remoteAddr=127.0.0.1:63085, addr=127.0.0.1, port=63085
2026/02/02 06:45:46 GetThreadId: found available ThreadID=1
[SERVER] 2026/02/02 06:45:46 调试: sess 指针 = 0xc0002a40a0, &sess.ID = 0xc0002a40b0, &sess.ThreadID = 0xc0002a40c0
[SERVER] 2026/02/02 06:45:46 新连接来自: 127.0.0.1:63085, SessionID: fc0498a7a4ea4fe35c72c1e1e3ff0755, ThreadID: 1
  [DEBUG] DefaultRuleSet: 创建规则集, 数量: 8
  [DEBUG]   规则0: PredicatePushDown
  [DEBUG]   规则1: ColumnPruning
  [DEBUG]   规则2: ProjectionElimination
  [DEBUG]   规则3: LimitPushDown
  [DEBUG]   规则4: ConstantFolding
  [DEBUG]   规则5: JoinReorder
  [DEBUG]   规则6: JoinElimination
  [DEBUG]   规则7: SemiJoinRewrite
[SERVER] 2026/02/02 06:45:46 已为连接创建 API Session, ThreadID=1
[mysql] 2026/02/02 06:45:46 auth.go:341 unknown auth plugin:password
[mysql] 2026/02/02 06:45:46 could not use requested auth plugin 'password': this authentication plugin is not supported
[SERVER] 2026/02/02 06:45:46 收到握手响应: User=root, Database=
[SERVER] 2026/02/02 06:45:46 收到命令: 0x0e
[SERVER] 2026/02/02 06:45:46 处理 COM_PING
[SERVER] 2026/02/02 06:45:46 [DEBUG] ResetSequenceID called, new SequenceID = 0
[SERVER] 2026/02/02 06:45:46 [DEBUG] About to call SendOK()
[SERVER] 2026/02/02 06:45:46 [DEBUG] SendOK() calling GetNextSequenceID...
[SERVER] 2026/02/02 06:45:46 [DEBUG] GetNextSequenceID returned: 1
[SERVER] 2026/02/02 06:45:46 [DEBUG] SendOK() got seqID = 1, now calling SendOKWithSequenceID
[SERVER] 2026/02/02 06:45:46 收到命令: 0x03
[SERVER] 2026/02/02 06:45:46 [DEBUG] ResetSequenceID called, new SequenceID = 0
[SERVER] 2026/02/02 06:45:46 处理 COM_QUERY: SELECT * FROM information_schema.schemata
  [DEBUG] Detected information_schema query, using QueryBuilder path
[SERVER] 2026/02/02 06:45:46   Query 返回的行 0: map[catalog_name:def default_character_set_name:utf8mb4 default_collation_name:utf8mb4_general_ci schema_name:information_schema sql_path:<nil>]
[SERVER] 2026/02/02 06:45:46   Query 返回的行 1: map[catalog_name:def default_character_set_name:utf8mb4 default_collation_name:utf8mb4_general_ci schema_name:default sql_path:<nil>]
[SERVER] 2026/02/02 06:45:46 总共收集到 2 行数据
[SERVER] 2026/02/02 06:45:46 [DEBUG] GetNextSequenceID returned: 1
[SERVER] 2026/02/02 06:45:46 [DEBUG] GetNextSequenceID returned: 2
[SERVER] 2026/02/02 06:45:46 [DEBUG] GetNextSequenceID returned: 3
[SERVER] 2026/02/02 06:45:46 [DEBUG] GetNextSequenceID returned: 4
[SERVER] 2026/02/02 06:45:46 [DEBUG] GetNextSequenceID returned: 5
[SERVER] 2026/02/02 06:45:46 [DEBUG] GetNextSequenceID returned: 6
[SERVER] 2026/02/02 06:45:46 [DEBUG] GetNextSequenceID returned: 7
[SERVER] 2026/02/02 06:45:46 [DEBUG] GetNextSequenceID returned: 8
[SERVER] 2026/02/02 06:45:46 [DEBUG] GetNextSequenceID returned: 9
[SERVER] 2026/02/02 06:45:46 [DEBUG] GetNextSequenceID returned: 10
[SERVER] 2026/02/02 06:45:46 开始获取或创建会话: remoteAddr=127.0.0.1:63086, addr=127.0.0.1, port=63086
2026/02/02 06:45:46 GetThreadId: found available ThreadID=2
[SERVER] 2026/02/02 06:45:46 调试: sess 指针 = 0xc000140280, &sess.ID = 0xc000140290, &sess.ThreadID = 0xc0001402a0
[SERVER] 2026/02/02 06:45:46 新连接来自: 127.0.0.1:63086, SessionID: df85118cd882585136a873cf56fc47ed, ThreadID: 2
  [DEBUG] DefaultRuleSet: 创建规则集, 数量: 8
  [DEBUG]   规则0: PredicatePushDown
  [DEBUG]   规则1: ColumnPruning
  [DEBUG]   规则2: ProjectionElimination
  [DEBUG]   规则3: LimitPushDown
  [DEBUG]   规则4: ConstantFolding
  [DEBUG]   规则5: JoinReorder
  [DEBUG]   规则6: JoinElimination
  [DEBUG]   规则7: SemiJoinRewrite
[SERVER] 2026/02/02 06:45:46 已为连接创建 API Session, ThreadID=2
[mysql] 2026/02/02 06:45:46 auth.go:341 unknown auth plugin:password
[mysql] 2026/02/02 06:45:46 could not use requested auth plugin 'password': this authentication plugin is not supported
[SERVER] 2026/02/02 06:45:46 收到握手响应: User=root, Database=
[SERVER] 2026/02/02 06:45:46 收到命令: 0x03
[SERVER] 2026/02/02 06:45:46 [DEBUG] ResetSequenceID called, new SequenceID = 0
[SERVER] 2026/02/02 06:45:46 处理 COM_QUERY: SELECT * FROM information_schema.tables
  [DEBUG] Detected information_schema query, using QueryBuilder path
[SERVER] 2026/02/02 06:45:46   Query 返回的行 0: map[auto_increment:<nil> avg_row_length:0 check_time:<nil> checksum:<nil> create_options: create_time:2026-02-02 06:45:46.6231535 +0800 CST m=+0.342421101 data_free:0 data_length:0 engine:MEMORY index_length:0 max_data_length:0 row_format:Fixed table_attributes:<nil> table_catalog:def table_collation:utf8mb4_general_ci table_comment:Databases table_name:schemata table_rows:0 table_schema:information_schema table_type:SYSTEM VIEW update_time:<nil> version:10]
[SERVER] 2026/02/02 06:45:46   Query 返回的行 1: map[auto_increment:<nil> avg_row_length:0 check_time:<nil> checksum:<nil> create_options: create_time:2026-02-02 06:45:46.6231535 +0800 CST m=+0.342421101 data_free:0 data_length:0 engine:MEMORY index_length:0 max_data_length:0 row_format:Fixed table_attributes:<nil> table_catalog:def table_collation:utf8mb4_general_ci table_comment:Tables table_name:tables table_rows:0 table_schema:information_schema table_type:SYSTEM VIEW update_time:<nil> version:10]
[SERVER] 2026/02/02 06:45:46   Query 返回的行 2: map[auto_increment:<nil> avg_row_length:0 check_time:<nil> checksum:<nil> create_options: create_time:2026-02-02 06:45:46.6231535 +0800 CST m=+0.342421101 data_free:0 data_length:0 engine:MEMORY index_length:0 max_data_length:0 row_format:Fixed table_attributes:<nil> table_catalog:def table_collation:utf8mb4_general_ci table_comment:Table columns table_name:columns table_rows:0 table_schema:information_schema table_type:SYSTEM VIEW update_time:<nil> version:10]
[SERVER] 2026/02/02 06:45:46   Query 返回的行 3: map[auto_increment:<nil> avg_row_length:0 check_time:<nil> checksum:<nil> create_options: create_time:2026-02-02 06:45:46.6231535 +0800 CST m=+0.342421101 data_free:0 data_length:0 engine:MEMORY index_length:0 max_data_length:0 row_format:Fixed table_attributes:<nil> table_catalog:def table_collation:utf8mb4_general_ci table_comment:Table constraints table_name:table_constraints table_rows:0 table_schema:information_schema table_type:SYSTEM VIEW update_time:<nil> version:10]
[SERVER] 2026/02/02 06:45:46   Query 返回的行 4: map[auto_increment:<nil> avg_row_length:0 check_time:<nil> checksum:<nil> create_options: create_time:2026-02-02 06:45:46.6231535 +0800 CST m=+0.342421101 data_free:0 data_length:0 engine:MEMORY index_length:0 max_data_length:0 row_format:Fixed table_attributes:<nil> table_catalog:def table_collation:utf8mb4_general_ci table_comment:Key column usage table_name:key_column_usage table_rows:0 table_schema:information_schema table_type:SYSTEM VIEW update_time:<nil> version:10]
[SERVER] 2026/02/02 06:45:46   Query 返回的行 5: map[auto_increment:<nil> avg_row_length:0 check_time:<nil> checksum:<nil> create_options: create_time:2026-02-02 06:45:46.6231535 +0800 CST m=+0.342421101 data_free:0 data_length:0 engine:MEMORY index_length:0 max_data_length:0 row_format:Fixed table_attributes:<nil> table_catalog:def table_collation:utf8mb4_general_ci table_comment: table_name:test_table table_rows:2 table_schema:default table_type:BASE TABLE update_time:<nil> version:10]
[SERVER] 2026/02/02 06:45:46 总共收集到 6 行数据
[SERVER] 2026/02/02 06:45:46 [DEBUG] GetNextSequenceID returned: 1
[SERVER] 2026/02/02 06:45:46 [DEBUG] GetNextSequenceID returned: 2
[SERVER] 2026/02/02 06:45:46 [DEBUG] GetNextSequenceID returned: 3
[SERVER] 2026/02/02 06:45:46 [DEBUG] GetNextSequenceID returned: 4
[SERVER] 2026/02/02 06:45:46 [DEBUG] GetNextSequenceID returned: 5
[SERVER] 2026/02/02 06:45:46 [DEBUG] GetNextSequenceID returned: 6
[SERVER] 2026/02/02 06:45:46 [DEBUG] GetNextSequenceID returned: 7
[SERVER] 2026/02/02 06:45:46 [DEBUG] GetNextSequenceID returned: 8
[SERVER] 2026/02/02 06:45:46 [DEBUG] GetNextSequenceID returned: 9
[SERVER] 2026/02/02 06:45:46 [DEBUG] GetNextSequenceID returned: 10
[SERVER] 2026/02/02 06:45:46 [DEBUG] GetNextSequenceID returned: 11
[SERVER] 2026/02/02 06:45:46 [DEBUG] GetNextSequenceID returned: 12
[SERVER] 2026/02/02 06:45:46 [DEBUG] GetNextSequenceID returned: 13
[SERVER] 2026/02/02 06:45:46 [DEBUG] GetNextSequenceID returned: 14
[SERVER] 2026/02/02 06:45:46 [DEBUG] GetNextSequenceID returned: 15
[SERVER] 2026/02/02 06:45:46 [DEBUG] GetNextSequenceID returned: 16
[SERVER] 2026/02/02 06:45:46 [DEBUG] GetNextSequenceID returned: 17
[SERVER] 2026/02/02 06:45:46 [DEBUG] GetNextSequenceID returned: 18
[SERVER] 2026/02/02 06:45:46 [DEBUG] GetNextSequenceID returned: 19
[SERVER] 2026/02/02 06:45:46 [DEBUG] GetNextSequenceID returned: 20
[SERVER] 2026/02/02 06:45:46 [DEBUG] GetNextSequenceID returned: 21
[SERVER] 2026/02/02 06:45:46 [DEBUG] GetNextSequenceID returned: 22
[SERVER] 2026/02/02 06:45:46 [DEBUG] GetNextSequenceID returned: 23
[SERVER] 2026/02/02 06:45:46 [DEBUG] GetNextSequenceID returned: 24
[SERVER] 2026/02/02 06:45:46 [DEBUG] GetNextSequenceID returned: 25
[SERVER] 2026/02/02 06:45:46 [DEBUG] GetNextSequenceID returned: 26
[SERVER] 2026/02/02 06:45:46 [DEBUG] GetNextSequenceID returned: 27
[SERVER] 2026/02/02 06:45:46 [DEBUG] GetNextSequenceID returned: 28
[SERVER] 2026/02/02 06:45:46 [DEBUG] GetNextSequenceID returned: 29
[SERVER] 2026/02/02 06:45:46 [DEBUG] GetNextSequenceID returned: 30
[SERVER] 2026/02/02 06:45:46 [DEBUG] GetNextSequenceID returned: 31
[SERVER] 2026/02/02 06:45:46 收到命令: 0x01
[SERVER] 2026/02/02 06:45:46 处理 COM_QUIT: 不发送响应
[SERVER] 2026/02/02 06:45:46 收到命令: 0x01
[SERVER] 2026/02/02 06:45:46 处理 COM_QUIT: 不发送响应
    end_to_end_test.go:226: 
        	Error Trace:	d:/code/db/server/tests/end_to_end_test.go:226
        	Error:      	Received unexpected error:
        	            	rows2.Err(): strconv.ParseInt: parsing "": invalid syntax
        	Test:       	TestE2E_InformationSchemaQuery
[INFO] DB closed
--- FAIL: TestE2E_InformationSchemaQuery (0.11s)
=== RUN   TestE2E_ErrorPacket
2026/02/02 06:45:46 已注册数据源: default
[SERVER] 2026/02/02 06:45:46 Registered handler: COM_PING (0x0e)
[SERVER] 2026/02/02 06:45:46 Registered handler: COM_QUIT (0x01)
[SERVER] 2026/02/02 06:45:46 Registered handler: COM_SET_OPTION (0x1b)
[SERVER] 2026/02/02 06:45:46 Registered handler: COM_REFRESH (0x07)
[SERVER] 2026/02/02 06:45:46 Registered handler: COM_STATISTICS (0x09)
[SERVER] 2026/02/02 06:45:46 Registered handler: COM_DEBUG (0x0d)
[SERVER] 2026/02/02 06:45:46 Registered handler: COM_SHUTDOWN (0x08)
[SERVER] 2026/02/02 06:45:46 Registered handler: COM_QUERY (0x03)
[SERVER] 2026/02/02 06:45:46 Registered handler: COM_INIT_DB (0x02)
[SERVER] 2026/02/02 06:45:46 Registered handler: COM_FIELD_LIST (0x04)
[SERVER] 2026/02/02 06:45:46 Registered handler: COM_PROCESS_KILL (0x0c)
[SERVER] 2026/02/02 06:45:46 已注册 11 个命令处理器
[SERVER] 2026/02/02 06:45:46 开始获取或创建会话: remoteAddr=127.0.0.1:63087, addr=127.0.0.1, port=63087
2026/02/02 06:45:46 GetThreadId: found available ThreadID=1
[SERVER] 2026/02/02 06:45:46 调试: sess 指针 = 0xc0001405a0, &sess.ID = 0xc0001405b0, &sess.ThreadID = 0xc0001405c0
[SERVER] 2026/02/02 06:45:46 新连接来自: 127.0.0.1:63087, SessionID: 17825d30e9310ad848b1b09f02669324, ThreadID: 1
  [DEBUG] DefaultRuleSet: 创建规则集, 数量: 8
  [DEBUG]   规则0: PredicatePushDown
  [DEBUG]   规则1: ColumnPruning
  [DEBUG]   规则2: ProjectionElimination
  [DEBUG]   规则3: LimitPushDown
  [DEBUG]   规则4: ConstantFolding
  [DEBUG]   规则5: JoinReorder
  [DEBUG]   规则6: JoinElimination
  [DEBUG]   规则7: SemiJoinRewrite
[SERVER] 2026/02/02 06:45:46 已为连接创建 API Session, ThreadID=1
[mysql] 2026/02/02 06:45:46 auth.go:341 unknown auth plugin:password
[mysql] 2026/02/02 06:45:46 could not use requested auth plugin 'password': this authentication plugin is not supported
[SERVER] 2026/02/02 06:45:46 收到握手响应: User=root, Database=
[SERVER] 2026/02/02 06:45:46 收到命令: 0x0e
[SERVER] 2026/02/02 06:45:46 处理 COM_PING
[SERVER] 2026/02/02 06:45:46 [DEBUG] ResetSequenceID called, new SequenceID = 0
[SERVER] 2026/02/02 06:45:46 [DEBUG] About to call SendOK()
[SERVER] 2026/02/02 06:45:46 [DEBUG] SendOK() calling GetNextSequenceID...
[SERVER] 2026/02/02 06:45:46 [DEBUG] GetNextSequenceID returned: 1
[SERVER] 2026/02/02 06:45:46 [DEBUG] SendOK() got seqID = 1, now calling SendOKWithSequenceID
[SERVER] 2026/02/02 06:45:46 收到命令: 0x03
[SERVER] 2026/02/02 06:45:46 [DEBUG] ResetSequenceID called, new SequenceID = 0
[SERVER] 2026/02/02 06:45:46 处理 COM_QUERY: SELECT * FROM non_existent_table
  [DEBUG] 开始优化查询...
  [DEBUG] SQLStatement构建完成
  [DEBUG] 调用 Optimize...
  [DEBUG] Optimize: 步骤1 - 转换为逻辑计划
  [DEBUG] convertSelect: 开始转换, 表名: non_existent_table
  [DEBUG] convertSelect: GetTableInfo 失败: table non_existent_table not found
[SERVER] 2026/02/02 06:45:46 查询失败: [SYNTAX_ERROR] failed to execute query: optimizer failed: convert to logical plan failed: get table info failed: table non_existent_table not found
[SERVER] 2026/02/02 06:45:46 [ERROR] Sending error: [SYNTAX_ERROR] failed to execute query: optimizer failed: convert to logical plan failed: get table info failed: table non_existent_table not found
[SERVER] 2026/02/02 06:45:46 [DEBUG] GetNextSequenceID returned: 1
[SERVER] 2026/02/02 06:45:46 收到命令: 0x03
[SERVER] 2026/02/02 06:45:46 [DEBUG] ResetSequenceID called, new SequenceID = 0
[SERVER] 2026/02/02 06:45:46 处理 COM_QUERY: SELECT non_existent_column FROM schemata
  [DEBUG] 开始优化查询...
  [DEBUG] SQLStatement构建完成
  [DEBUG] 调用 Optimize...
  [DEBUG] Optimize: 步骤1 - 转换为逻辑计划
  [DEBUG] convertSelect: 开始转换, 表名: schemata
  [DEBUG] convertSelect: GetTableInfo 失败: table schemata not found
[SERVER] 2026/02/02 06:45:46 查询失败: [SYNTAX_ERROR] failed to execute query: optimizer failed: convert to logical plan failed: get table info failed: table schemata not found
[SERVER] 2026/02/02 06:45:46 [ERROR] Sending error: [SYNTAX_ERROR] failed to execute query: optimizer failed: convert to logical plan failed: get table info failed: table schemata not found
[SERVER] 2026/02/02 06:45:46 [DEBUG] GetNextSequenceID returned: 1
[SERVER] 2026/02/02 06:45:46 收到命令: 0x0e
[SERVER] 2026/02/02 06:45:46 处理 COM_PING
[SERVER] 2026/02/02 06:45:46 [DEBUG] ResetSequenceID called, new SequenceID = 0
[SERVER] 2026/02/02 06:45:46 [DEBUG] About to call SendOK()
[SERVER] 2026/02/02 06:45:46 [DEBUG] SendOK() calling GetNextSequenceID...
[SERVER] 2026/02/02 06:45:46 [DEBUG] GetNextSequenceID returned: 1
[SERVER] 2026/02/02 06:45:46 [DEBUG] SendOK() got seqID = 1, now calling SendOKWithSequenceID
[SERVER] 2026/02/02 06:45:46 收到命令: 0x03
[SERVER] 2026/02/02 06:45:46 [DEBUG] ResetSequenceID called, new SequenceID = 0
[SERVER] 2026/02/02 06:45:46 处理 COM_QUERY: SELECT @@version_comment
[SERVER] 2026/02/02 06:45:46 [DEBUG] GetNextSequenceID returned: 1
[SERVER] 2026/02/02 06:45:46 [DEBUG] GetNextSequenceID returned: 2
[SERVER] 2026/02/02 06:45:46 [DEBUG] GetNextSequenceID returned: 3
[SERVER] 2026/02/02 06:45:46 [DEBUG] GetNextSequenceID returned: 4
[SERVER] 2026/02/02 06:45:46 [DEBUG] GetNextSequenceID returned: 5
[SERVER] 2026/02/02 06:45:46 收到命令: 0x01
[SERVER] 2026/02/02 06:45:46 处理 COM_QUIT: 不发送响应
[INFO] DB closed
--- PASS: TestE2E_ErrorPacket (0.10s)
=== RUN   TestE2E_MultipleDBSwitching
2026/02/02 06:45:46 已注册数据源: default
[SERVER] 2026/02/02 06:45:46 Registered handler: COM_PING (0x0e)
[SERVER] 2026/02/02 06:45:46 Registered handler: COM_QUIT (0x01)
[SERVER] 2026/02/02 06:45:46 Registered handler: COM_SET_OPTION (0x1b)
[SERVER] 2026/02/02 06:45:46 Registered handler: COM_REFRESH (0x07)
[SERVER] 2026/02/02 06:45:46 Registered handler: COM_STATISTICS (0x09)
[SERVER] 2026/02/02 06:45:46 Registered handler: COM_DEBUG (0x0d)
[SERVER] 2026/02/02 06:45:46 Registered handler: COM_SHUTDOWN (0x08)
[SERVER] 2026/02/02 06:45:46 Registered handler: COM_QUERY (0x03)
[SERVER] 2026/02/02 06:45:46 Registered handler: COM_INIT_DB (0x02)
[SERVER] 2026/02/02 06:45:46 Registered handler: COM_FIELD_LIST (0x04)
[SERVER] 2026/02/02 06:45:46 Registered handler: COM_PROCESS_KILL (0x0c)
[SERVER] 2026/02/02 06:45:46 已注册 11 个命令处理器
[SERVER] 2026/02/02 06:45:46 开始获取或创建会话: remoteAddr=127.0.0.1:63088, addr=127.0.0.1, port=63088
2026/02/02 06:45:46 GetThreadId: found available ThreadID=1
[SERVER] 2026/02/02 06:45:46 调试: sess 指针 = 0xc000093ae0, &sess.ID = 0xc000093af0, &sess.ThreadID = 0xc000093b00
[SERVER] 2026/02/02 06:45:46 新连接来自: 127.0.0.1:63088, SessionID: 2bcf77f584ac92654e7bed19f994538c, ThreadID: 1
  [DEBUG] DefaultRuleSet: 创建规则集, 数量: 8
  [DEBUG]   规则0: PredicatePushDown
  [DEBUG]   规则1: ColumnPruning
  [DEBUG]   规则2: ProjectionElimination
  [DEBUG]   规则3: LimitPushDown
  [DEBUG]   规则4: ConstantFolding
  [DEBUG]   规则5: JoinReorder
  [DEBUG]   规则6: JoinElimination
  [DEBUG]   规则7: SemiJoinRewrite
[SERVER] 2026/02/02 06:45:46 已为连接创建 API Session, ThreadID=1
[mysql] 2026/02/02 06:45:46 auth.go:341 unknown auth plugin:password
[mysql] 2026/02/02 06:45:46 could not use requested auth plugin 'password': this authentication plugin is not supported
[SERVER] 2026/02/02 06:45:46 收到握手响应: User=root, Database=
[SERVER] 2026/02/02 06:45:46 收到命令: 0x0e
[SERVER] 2026/02/02 06:45:46 处理 COM_PING
[SERVER] 2026/02/02 06:45:46 [DEBUG] ResetSequenceID called, new SequenceID = 0
[SERVER] 2026/02/02 06:45:46 [DEBUG] About to call SendOK()
[SERVER] 2026/02/02 06:45:46 [DEBUG] SendOK() calling GetNextSequenceID...
[SERVER] 2026/02/02 06:45:46 [DEBUG] GetNextSequenceID returned: 1
[SERVER] 2026/02/02 06:45:46 [DEBUG] SendOK() got seqID = 1, now calling SendOKWithSequenceID
[SERVER] 2026/02/02 06:45:46 收到命令: 0x03
[SERVER] 2026/02/02 06:45:46 [DEBUG] ResetSequenceID called, new SequenceID = 0
[SERVER] 2026/02/02 06:45:46 处理 COM_QUERY: USE db1
[SERVER] 2026/02/02 06:45:46 查询失败: [SYNTAX_ERROR] failed to execute query: unknown database 'db1'
[SERVER] 2026/02/02 06:45:46 [ERROR] Sending error: [SYNTAX_ERROR] failed to execute query: unknown database 'db1'
[SERVER] 2026/02/02 06:45:46 [DEBUG] GetNextSequenceID returned: 1
[SERVER] 2026/02/02 06:45:46 收到命令: 0x01
[SERVER] 2026/02/02 06:45:46 处理 COM_QUIT: 不发送响应
    end_to_end_test.go:313: 
        	Error Trace:	d:/code/db/server/tests/end_to_end_test.go:313
        	Error:      	Received unexpected error:
        	            	USE db1 failed: Error 1064 (42000): [SYNTAX_ERROR] failed to execute query: unknown database 'db1' 
        	Test:       	TestE2E_MultipleDBSwitching
[INFO] DB closed
--- FAIL: TestE2E_MultipleDBSwitching (0.10s)
=== RUN   TestE2E_ConnectionRecovery
2026/02/02 06:45:46 已注册数据源: default
[SERVER] 2026/02/02 06:45:46 Registered handler: COM_PING (0x0e)
[SERVER] 2026/02/02 06:45:46 Registered handler: COM_QUIT (0x01)
[SERVER] 2026/02/02 06:45:46 Registered handler: COM_SET_OPTION (0x1b)
[SERVER] 2026/02/02 06:45:46 Registered handler: COM_REFRESH (0x07)
[SERVER] 2026/02/02 06:45:46 Registered handler: COM_STATISTICS (0x09)
[SERVER] 2026/02/02 06:45:46 Registered handler: COM_DEBUG (0x0d)
[SERVER] 2026/02/02 06:45:46 Registered handler: COM_SHUTDOWN (0x08)
[SERVER] 2026/02/02 06:45:46 Registered handler: COM_QUERY (0x03)
[SERVER] 2026/02/02 06:45:46 Registered handler: COM_INIT_DB (0x02)
[SERVER] 2026/02/02 06:45:46 Registered handler: COM_FIELD_LIST (0x04)
[SERVER] 2026/02/02 06:45:46 Registered handler: COM_PROCESS_KILL (0x0c)
[SERVER] 2026/02/02 06:45:46 已注册 11 个命令处理器
[SERVER] 2026/02/02 06:45:46 开始获取或创建会话: remoteAddr=127.0.0.1:63089, addr=127.0.0.1, port=63089
2026/02/02 06:45:46 GetThreadId: found available ThreadID=1
[SERVER] 2026/02/02 06:45:46 调试: sess 指针 = 0xc00042a640, &sess.ID = 0xc00042a650, &sess.ThreadID = 0xc00042a660
[SERVER] 2026/02/02 06:45:46 新连接来自: 127.0.0.1:63089, SessionID: 319d790cd3d82b36bee4efe2a85811c5, ThreadID: 1
  [DEBUG] DefaultRuleSet: 创建规则集, 数量: 8
  [DEBUG]   规则0: PredicatePushDown
  [DEBUG]   规则1: ColumnPruning
  [DEBUG]   规则2: ProjectionElimination
  [DEBUG]   规则3: LimitPushDown
  [DEBUG]   规则4: ConstantFolding
  [DEBUG]   规则5: JoinReorder
  [DEBUG]   规则6: JoinElimination
  [DEBUG]   规则7: SemiJoinRewrite
[SERVER] 2026/02/02 06:45:46 已为连接创建 API Session, ThreadID=1
[mysql] 2026/02/02 06:45:46 auth.go:341 unknown auth plugin:password
[mysql] 2026/02/02 06:45:46 could not use requested auth plugin 'password': this authentication plugin is not supported
[SERVER] 2026/02/02 06:45:46 收到握手响应: User=root, Database=
[SERVER] 2026/02/02 06:45:46 收到命令: 0x0e
[SERVER] 2026/02/02 06:45:46 处理 COM_PING
[SERVER] 2026/02/02 06:45:46 [DEBUG] ResetSequenceID called, new SequenceID = 0
[SERVER] 2026/02/02 06:45:46 [DEBUG] About to call SendOK()
[SERVER] 2026/02/02 06:45:46 [DEBUG] SendOK() calling GetNextSequenceID...
[SERVER] 2026/02/02 06:45:46 [DEBUG] GetNextSequenceID returned: 1
[SERVER] 2026/02/02 06:45:46 [DEBUG] SendOK() got seqID = 1, now calling SendOKWithSequenceID
[SERVER] 2026/02/02 06:45:46 收到命令: 0x03
[SERVER] 2026/02/02 06:45:46 [DEBUG] ResetSequenceID called, new SequenceID = 0
[SERVER] 2026/02/02 06:45:46 处理 COM_QUERY: SELECT @@version_comment
[SERVER] 2026/02/02 06:45:46 [DEBUG] GetNextSequenceID returned: 1
[SERVER] 2026/02/02 06:45:46 [DEBUG] GetNextSequenceID returned: 2
[SERVER] 2026/02/02 06:45:46 [DEBUG] GetNextSequenceID returned: 3
[SERVER] 2026/02/02 06:45:46 [DEBUG] GetNextSequenceID returned: 4
[SERVER] 2026/02/02 06:45:46 [DEBUG] GetNextSequenceID returned: 5
[SERVER] 2026/02/02 06:45:46 收到命令: 0x03
[SERVER] 2026/02/02 06:45:46 [DEBUG] ResetSequenceID called, new SequenceID = 0
[SERVER] 2026/02/02 06:45:46 处理 COM_QUERY: USE test_db
[SERVER] 2026/02/02 06:45:46 查询失败: [SYNTAX_ERROR] failed to execute query: unknown database 'test_db'
[SERVER] 2026/02/02 06:45:46 [ERROR] Sending error: [SYNTAX_ERROR] failed to execute query: unknown database 'test_db'
[SERVER] 2026/02/02 06:45:46 [DEBUG] GetNextSequenceID returned: 1
[SERVER] 2026/02/02 06:45:46 收到命令: 0x01
[SERVER] 2026/02/02 06:45:46 处理 COM_QUIT: 不发送响应
    end_to_end_test.go:398: 
        	Error Trace:	d:/code/db/server/tests/end_to_end_test.go:398
        	Error:      	Received unexpected error:
        	            	USE failed: Error 1064 (42000): [SYNTAX_ERROR] failed to execute query: unknown database 'test_db' 
        	Test:       	TestE2E_ConnectionRecovery
[INFO] DB closed
--- FAIL: TestE2E_ConnectionRecovery (0.11s)
=== RUN   TestE2E_InformationSchemaWithRealData
2026/02/02 06:45:46 已注册数据源: default
[SERVER] 2026/02/02 06:45:46 Registered handler: COM_PING (0x0e)
[SERVER] 2026/02/02 06:45:46 Registered handler: COM_QUIT (0x01)
[SERVER] 2026/02/02 06:45:46 Registered handler: COM_SET_OPTION (0x1b)
[SERVER] 2026/02/02 06:45:46 Registered handler: COM_REFRESH (0x07)
[SERVER] 2026/02/02 06:45:46 Registered handler: COM_STATISTICS (0x09)
[SERVER] 2026/02/02 06:45:46 Registered handler: COM_DEBUG (0x0d)
[SERVER] 2026/02/02 06:45:46 Registered handler: COM_SHUTDOWN (0x08)
[SERVER] 2026/02/02 06:45:46 Registered handler: COM_QUERY (0x03)
[SERVER] 2026/02/02 06:45:46 Registered handler: COM_INIT_DB (0x02)
[SERVER] 2026/02/02 06:45:46 Registered handler: COM_FIELD_LIST (0x04)
[SERVER] 2026/02/02 06:45:46 Registered handler: COM_PROCESS_KILL (0x0c)
[SERVER] 2026/02/02 06:45:46 已注册 11 个命令处理器
[SERVER] 2026/02/02 06:45:47 开始获取或创建会话: remoteAddr=127.0.0.1:63091, addr=127.0.0.1, port=63091
2026/02/02 06:45:47 GetThreadId: found available ThreadID=1
[SERVER] 2026/02/02 06:45:47 调试: sess 指针 = 0xc000092500, &sess.ID = 0xc000092510, &sess.ThreadID = 0xc000092520
[SERVER] 2026/02/02 06:45:47 新连接来自: 127.0.0.1:63091, SessionID: 6812f714929446c71244b4403aad40fe, ThreadID: 1
  [DEBUG] DefaultRuleSet: 创建规则集, 数量: 8
  [DEBUG]   规则0: PredicatePushDown
  [DEBUG]   规则1: ColumnPruning
  [DEBUG]   规则2: ProjectionElimination
  [DEBUG]   规则3: LimitPushDown
  [DEBUG]   规则4: ConstantFolding
  [DEBUG]   规则5: JoinReorder
  [DEBUG]   规则6: JoinElimination
  [DEBUG]   规则7: SemiJoinRewrite
[SERVER] 2026/02/02 06:45:47 已为连接创建 API Session, ThreadID=1
[mysql] 2026/02/02 06:45:47 auth.go:341 unknown auth plugin:password
[mysql] 2026/02/02 06:45:47 could not use requested auth plugin 'password': this authentication plugin is not supported
[SERVER] 2026/02/02 06:45:47 收到握手响应: User=root, Database=
[SERVER] 2026/02/02 06:45:47 收到命令: 0x0e
[SERVER] 2026/02/02 06:45:47 处理 COM_PING
[SERVER] 2026/02/02 06:45:47 [DEBUG] ResetSequenceID called, new SequenceID = 0
[SERVER] 2026/02/02 06:45:47 [DEBUG] About to call SendOK()
[SERVER] 2026/02/02 06:45:47 [DEBUG] SendOK() calling GetNextSequenceID...
[SERVER] 2026/02/02 06:45:47 [DEBUG] GetNextSequenceID returned: 1
[SERVER] 2026/02/02 06:45:47 [DEBUG] SendOK() got seqID = 1, now calling SendOKWithSequenceID
[SERVER] 2026/02/02 06:45:47 收到命令: 0x03
[SERVER] 2026/02/02 06:45:47 [DEBUG] ResetSequenceID called, new SequenceID = 0
[SERVER] 2026/02/02 06:45:47 处理 COM_QUERY: USE information_schema
  [DEBUG] OptimizedExecutor.SetCurrentDB: currentDB 设置为 "information_schema"
[SERVER] 2026/02/02 06:45:47 查询返回空列，发送 OK
[SERVER] 2026/02/02 06:45:47 [DEBUG] SendOK() calling GetNextSequenceID...
[SERVER] 2026/02/02 06:45:47 [DEBUG] GetNextSequenceID returned: 1
[SERVER] 2026/02/02 06:45:47 [DEBUG] SendOK() got seqID = 1, now calling SendOKWithSequenceID
[SERVER] 2026/02/02 06:45:47 收到命令: 0x03
[SERVER] 2026/02/02 06:45:47 [DEBUG] ResetSequenceID called, new SequenceID = 0
[SERVER] 2026/02/02 06:45:47 处理 COM_QUERY: SELECT table_name, table_schema FROM tables WHERE table_name = 'users'
  [DEBUG] Detected information_schema query, using QueryBuilder path
[SERVER] 2026/02/02 06:45:47   Query 返回的行 0: map[table_name:users table_schema:default]
[SERVER] 2026/02/02 06:45:47 总共收集到 1 行数据
[SERVER] 2026/02/02 06:45:47 [DEBUG] GetNextSequenceID returned: 1
[SERVER] 2026/02/02 06:45:47 [DEBUG] GetNextSequenceID returned: 2
[SERVER] 2026/02/02 06:45:47 [DEBUG] GetNextSequenceID returned: 3
[SERVER] 2026/02/02 06:45:47 [DEBUG] GetNextSequenceID returned: 4
[SERVER] 2026/02/02 06:45:47 [DEBUG] GetNextSequenceID returned: 5
[SERVER] 2026/02/02 06:45:47 [DEBUG] GetNextSequenceID returned: 6
    end_to_end_test.go:457: Found table: users in schema: default
[SERVER] 2026/02/02 06:45:47 收到命令: 0x03
[SERVER] 2026/02/02 06:45:47 [DEBUG] ResetSequenceID called, new SequenceID = 0
[SERVER] 2026/02/02 06:45:47 处理 COM_QUERY: SELECT column_name, data_type FROM columns WHERE table_name = 'users'
  [DEBUG] Detected information_schema query, using QueryBuilder path
[SERVER] 2026/02/02 06:45:47   Query 返回的行 0: map[column_name:id data_type:int]
[SERVER] 2026/02/02 06:45:47   Query 返回的行 1: map[column_name:name data_type:STRING]
[SERVER] 2026/02/02 06:45:47   Query 返回的行 2: map[column_name:age data_type:int]
[SERVER] 2026/02/02 06:45:47 总共收集到 3 行数据
[SERVER] 2026/02/02 06:45:47 [DEBUG] GetNextSequenceID returned: 1
[SERVER] 2026/02/02 06:45:47 [DEBUG] GetNextSequenceID returned: 2
[SERVER] 2026/02/02 06:45:47 [DEBUG] GetNextSequenceID returned: 3
[SERVER] 2026/02/02 06:45:47 [DEBUG] GetNextSequenceID returned: 4
[SERVER] 2026/02/02 06:45:47 [DEBUG] GetNextSequenceID returned: 5
[SERVER] 2026/02/02 06:45:47 [DEBUG] GetNextSequenceID returned: 6
    end_to_end_test.go:480: Found column: id with type: int
    end_to_end_test.go:480: Found column: name with type: STRING
[SERVER] 2026/02/02 06:45:47 [DEBUG] GetNextSequenceID returned: 7
[SERVER] 2026/02/02 06:45:47 [DEBUG] GetNextSequenceID returned: 8
    end_to_end_test.go:480: Found column: age with type: int
[SERVER] 2026/02/02 06:45:47 收到命令: 0x01
[SERVER] 2026/02/02 06:45:47 处理 COM_QUIT: 不发送响应
[INFO] DB closed
--- PASS: TestE2E_InformationSchemaWithRealData (0.10s)
=== RUN   TestE2E_DatabaseContextCache
2026/02/02 06:45:47 已注册数据源: default
[SERVER] 2026/02/02 06:45:47 Registered handler: COM_PING (0x0e)
[SERVER] 2026/02/02 06:45:47 Registered handler: COM_QUIT (0x01)
[SERVER] 2026/02/02 06:45:47 Registered handler: COM_SET_OPTION (0x1b)
[SERVER] 2026/02/02 06:45:47 Registered handler: COM_REFRESH (0x07)
[SERVER] 2026/02/02 06:45:47 Registered handler: COM_STATISTICS (0x09)
[SERVER] 2026/02/02 06:45:47 Registered handler: COM_DEBUG (0x0d)
[SERVER] 2026/02/02 06:45:47 Registered handler: COM_SHUTDOWN (0x08)
[SERVER] 2026/02/02 06:45:47 Registered handler: COM_QUERY (0x03)
[SERVER] 2026/02/02 06:45:47 Registered handler: COM_INIT_DB (0x02)
[SERVER] 2026/02/02 06:45:47 Registered handler: COM_FIELD_LIST (0x04)
[SERVER] 2026/02/02 06:45:47 Registered handler: COM_PROCESS_KILL (0x0c)
[SERVER] 2026/02/02 06:45:47 已注册 11 个命令处理器
[SERVER] 2026/02/02 06:45:47 开始获取或创建会话: remoteAddr=127.0.0.1:63092, addr=127.0.0.1, port=63092
2026/02/02 06:45:47 GetThreadId: found available ThreadID=1
[SERVER] 2026/02/02 06:45:47 调试: sess 指针 = 0xc000140b40, &sess.ID = 0xc000140b50, &sess.ThreadID = 0xc000140b60
[SERVER] 2026/02/02 06:45:47 新连接来自: 127.0.0.1:63092, SessionID: de25e12b2e5b94b18b35170c3fc25c49, ThreadID: 1
  [DEBUG] DefaultRuleSet: 创建规则集, 数量: 8
  [DEBUG]   规则0: PredicatePushDown
  [DEBUG]   规则1: ColumnPruning
  [DEBUG]   规则2: ProjectionElimination
  [DEBUG]   规则3: LimitPushDown
  [DEBUG]   规则4: ConstantFolding
  [DEBUG]   规则5: JoinReorder
  [DEBUG]   规则6: JoinElimination
  [DEBUG]   规则7: SemiJoinRewrite
[SERVER] 2026/02/02 06:45:47 已为连接创建 API Session, ThreadID=1
[mysql] 2026/02/02 06:45:47 auth.go:341 unknown auth plugin:password
[mysql] 2026/02/02 06:45:47 could not use requested auth plugin 'password': this authentication plugin is not supported
[SERVER] 2026/02/02 06:45:47 收到握手响应: User=root, Database=
[SERVER] 2026/02/02 06:45:47 收到命令: 0x0e
[SERVER] 2026/02/02 06:45:47 处理 COM_PING
[SERVER] 2026/02/02 06:45:47 [DEBUG] ResetSequenceID called, new SequenceID = 0
[SERVER] 2026/02/02 06:45:47 [DEBUG] About to call SendOK()
[SERVER] 2026/02/02 06:45:47 [DEBUG] SendOK() calling GetNextSequenceID...
[SERVER] 2026/02/02 06:45:47 [DEBUG] GetNextSequenceID returned: 1
[SERVER] 2026/02/02 06:45:47 [DEBUG] SendOK() got seqID = 1, now calling SendOKWithSequenceID
[SERVER] 2026/02/02 06:45:47 收到命令: 0x03
[SERVER] 2026/02/02 06:45:47 [DEBUG] ResetSequenceID called, new SequenceID = 0
[SERVER] 2026/02/02 06:45:47 处理 COM_QUERY: USE db1
[SERVER] 2026/02/02 06:45:47 查询失败: [SYNTAX_ERROR] failed to execute query: unknown database 'db1'
[SERVER] 2026/02/02 06:45:47 [ERROR] Sending error: [SYNTAX_ERROR] failed to execute query: unknown database 'db1'
[SERVER] 2026/02/02 06:45:47 [DEBUG] GetNextSequenceID returned: 1
[SERVER] 2026/02/02 06:45:47 收到命令: 0x01
[SERVER] 2026/02/02 06:45:47 处理 COM_QUIT: 不发送响应
    end_to_end_test.go:559: 
        	Error Trace:	d:/code/db/server/tests/end_to_end_test.go:559
        	Error:      	Received unexpected error:
        	            	USE db1 failed: Error 1064 (42000): [SYNTAX_ERROR] failed to execute query: unknown database 'db1' 
        	Test:       	TestE2E_DatabaseContextCache
[INFO] DB closed
--- FAIL: TestE2E_DatabaseContextCache (0.10s)
=== RUN   TestE2E_ShowDatabases
2026/02/02 06:45:47 已注册数据源: default
[SERVER] 2026/02/02 06:45:47 Registered handler: COM_PING (0x0e)
[SERVER] 2026/02/02 06:45:47 Registered handler: COM_QUIT (0x01)
[SERVER] 2026/02/02 06:45:47 Registered handler: COM_SET_OPTION (0x1b)
[SERVER] 2026/02/02 06:45:47 Registered handler: COM_REFRESH (0x07)
[SERVER] 2026/02/02 06:45:47 Registered handler: COM_STATISTICS (0x09)
[SERVER] 2026/02/02 06:45:47 Registered handler: COM_DEBUG (0x0d)
[SERVER] 2026/02/02 06:45:47 Registered handler: COM_SHUTDOWN (0x08)
[SERVER] 2026/02/02 06:45:47 Registered handler: COM_QUERY (0x03)
[SERVER] 2026/02/02 06:45:47 Registered handler: COM_INIT_DB (0x02)
[SERVER] 2026/02/02 06:45:47 Registered handler: COM_FIELD_LIST (0x04)
[SERVER] 2026/02/02 06:45:47 Registered handler: COM_PROCESS_KILL (0x0c)
[SERVER] 2026/02/02 06:45:47 已注册 11 个命令处理器
[SERVER] 2026/02/02 06:45:47 开始获取或创建会话: remoteAddr=127.0.0.1:63093, addr=127.0.0.1, port=63093
2026/02/02 06:45:47 GetThreadId: found available ThreadID=1
[SERVER] 2026/02/02 06:45:47 调试: sess 指针 = 0xc000140be0, &sess.ID = 0xc000140bf0, &sess.ThreadID = 0xc000140c00
[SERVER] 2026/02/02 06:45:47 新连接来自: 127.0.0.1:63093, SessionID: 27e362e4a3373402198f481b1dc7bb29, ThreadID: 1
  [DEBUG] DefaultRuleSet: 创建规则集, 数量: 8
  [DEBUG]   规则0: PredicatePushDown
  [DEBUG]   规则1: ColumnPruning
  [DEBUG]   规则2: ProjectionElimination
  [DEBUG]   规则3: LimitPushDown
  [DEBUG]   规则4: ConstantFolding
  [DEBUG]   规则5: JoinReorder
  [DEBUG]   规则6: JoinElimination
  [DEBUG]   规则7: SemiJoinRewrite
[SERVER] 2026/02/02 06:45:47 已为连接创建 API Session, ThreadID=1
[mysql] 2026/02/02 06:45:47 auth.go:341 unknown auth plugin:password
[mysql] 2026/02/02 06:45:47 could not use requested auth plugin 'password': this authentication plugin is not supported
[SERVER] 2026/02/02 06:45:47 收到握手响应: User=root, Database=
[SERVER] 2026/02/02 06:45:47 收到命令: 0x0e
[SERVER] 2026/02/02 06:45:47 处理 COM_PING
[SERVER] 2026/02/02 06:45:47 [DEBUG] ResetSequenceID called, new SequenceID = 0
[SERVER] 2026/02/02 06:45:47 [DEBUG] About to call SendOK()
[SERVER] 2026/02/02 06:45:47 [DEBUG] SendOK() calling GetNextSequenceID...
[SERVER] 2026/02/02 06:45:47 [DEBUG] GetNextSequenceID returned: 1
[SERVER] 2026/02/02 06:45:47 [DEBUG] SendOK() got seqID = 1, now calling SendOKWithSequenceID
[SERVER] 2026/02/02 06:45:47 收到命令: 0x03
[SERVER] 2026/02/02 06:45:47 [DEBUG] ResetSequenceID called, new SequenceID = 0
[SERVER] 2026/02/02 06:45:47 处理 COM_QUERY: SHOW DATABASES
  [DEBUG] Executing SHOW statement: Type=DATABASES, Table=, Like=, Where=
  [DEBUG] SHOW DATABASES converted to: SELECT schema_name FROM information_schema.schemata
[SERVER] 2026/02/02 06:45:47   Query 返回的行 0: map[schema_name:information_schema]
[SERVER] 2026/02/02 06:45:47   Query 返回的行 1: map[schema_name:default]
[SERVER] 2026/02/02 06:45:47 总共收集到 2 行数据
[SERVER] 2026/02/02 06:45:47 [DEBUG] GetNextSequenceID returned: 1
[SERVER] 2026/02/02 06:45:47 [DEBUG] GetNextSequenceID returned: 2
[SERVER] 2026/02/02 06:45:47 [DEBUG] GetNextSequenceID returned: 3
[SERVER] 2026/02/02 06:45:47 [DEBUG] GetNextSequenceID returned: 4
[SERVER] 2026/02/02 06:45:47 [DEBUG] GetNextSequenceID returned: 5
[SERVER] 2026/02/02 06:45:47 [DEBUG] GetNextSequenceID returned: 6
    end_to_end_test.go:597: Found databases: map[default:true information_schema:true]
[SERVER] 2026/02/02 06:45:47 收到命令: 0x01
[SERVER] 2026/02/02 06:45:47 处理 COM_QUIT: 不发送响应
[INFO] DB closed
--- PASS: TestE2E_ShowDatabases (0.10s)
FAIL
FAIL	github.com/kasuganosora/sqlexec/server/tests	1.140s
FAIL
